// Jest Snapshot v1, https://goo.gl/fbAQLP

exports[`Test de vista About Match de snapshot con AboutView.vue 1`] = `
<div class="about">
  <h1>This is an about page</h1>
</div>
`;

exports[`Test de vista Contact Match de snapshot con ContactView.vue 1`] = `
<div>
  <h1>Contacto</h1>
</div>
`;
